node.exe : ΓÜá Warning: 
Next.js inferred your 
workspace root, but it 
may not be correct.
At line:1 char:1
+ & "C:\Program 
Files\nodejs/node.exe" 
"C:\Program 
Files\nodejs/node_mo ...
+ ~~~~~~~~~~~~~~~~~~~~~~~~
~~~~~~~~~~~~~~~~~~~~~~~~~~
~~~~~~~~~~~~~~~~~~~
    + CategoryInfo        
      : NotSpecified: (Γ  
  Üá Warning: Ne...not    
 be correct.:String) [    
], RemoteException
    + FullyQualifiedError 
   Id : NativeCommandErr  
  or
 
 We detected multiple 
lockfiles and selected 
the directory of 
C:\Users\Krishna Kumar 
Gupta\Desktop\AI Panchayat
\package-lock.json as the 
root directory.
 To silence this warning, 
set `turbopack.root` in 
your Next.js config, or 
consider removing one of 
the lockfiles if it's not 
needed.
   See https://nextjs.org/
docs/app/api-reference/con
fig/next-config-js/turbopa
ck#root-directory for 
more information.
 Detected additional 
lockfiles: 
   * C:\Users\Krishna 
Kumar Gupta\Desktop\AI Pan
chayat\ai-panchayat\server
\package-lock.json
   * C:\Users\Krishna 
Kumar Gupta\Desktop\AI Pan
chayat\ai-panchayat\packag
e-lock.json

Γû▓ Next.js 16.2.1 (Turbopack)

  Creating an optimized production build ...
Γ£ô Compiled successfully in 1555ms
  Running TypeScript ...
  Finished TypeScript in 80ms ...
  Collecting page data using 13 workers ...
Error: Please define the 
MONGODB_URI environment 
variable inside .env.local
    at module evaluation 
(C:\Users\Krishna Kumar 
Gupta\Desktop\AI Panchayat
\ai-panchayat\server\.next
\server\chunks\[root-of-th
e-server]__0_~4gui._.js:1:
1172)
    at instantiateModule 
(C:\Users\Krishna Kumar 
Gupta\Desktop\AI Panchayat
\ai-panchayat\server\.next
\server\chunks\[turbopack]
_runtime.js:853:9)
    at getOrInstantiateMod
uleFromParent 
(C:\Users\Krishna Kumar 
Gupta\Desktop\AI Panchayat
\ai-panchayat\server\.next
\server\chunks\[turbopack]
_runtime.js:877:12)
    at Context.esmImport 
[as i] (C:\Users\Krishna 
Kumar Gupta\Desktop\AI Pan
chayat\ai-panchayat\server
\.next\server\chunks\[turb
opack]_runtime.js:281:20)
    at module evaluation 
(C:\Users\Krishna Kumar 
Gupta\Desktop\AI Panchayat
\ai-panchayat\server\.next
\server\chunks\[root-of-th
e-server]__0_~4gui._.js:1:
2572)
    at instantiateModule 
(C:\Users\Krishna Kumar 
Gupta\Desktop\AI Panchayat
\ai-panchayat\server\.next
\server\chunks\[turbopack]
_runtime.js:853:9)
    at 
instantiateRuntimeModule 
(C:\Users\Krishna Kumar 
Gupta\Desktop\AI Panchayat
\ai-panchayat\server\.next
\server\chunks\[turbopack]
_runtime.js:882:12)
    at getOrInstantiateRun
timeModule 
(C:\Users\Krishna Kumar 
Gupta\Desktop\AI Panchayat
\ai-panchayat\server\.next
\server\chunks\[turbopack]
_runtime.js:895:12)
    at Object.m 
(C:\Users\Krishna Kumar 
Gupta\Desktop\AI Panchayat
\ai-panchayat\server\.next
\server\chunks\[turbopack]
_runtime.js:898:18)
    at Object.<anonymous> 
(C:\Users\Krishna Kumar 
Gupta\Desktop\AI Panchayat
\ai-panchayat\server\.next
\server\app\api\auth\login
\route.js:5:3)

> Build error occurred
Error: Failed to collect 
page data for 
/api/auth/login
    at ignore-listed 
frames {
  type: 'Error'
}
